grammar=2128, computing full feature matrix once...
features done [18s]
size= 125 seed=0: nested=0.459 [95s]
size= 125 seed=1: nested=0.403 [85s]
size= 125 seed=2: nested=0.520 [100s]
size= 250 seed=0: nested=0.500 [98s]
size= 250 seed=1: nested=0.546 [134s]
size= 250 seed=2: nested=0.495 [107s]
size= 500 seed=0: nested=0.449 [91s]
size= 500 seed=1: nested=0.602 [123s]
size= 500 seed=2: nested=0.531 [114s]
size= 700 seed=0: nested=0.587 [120s]
size= 700 seed=1: nested=0.454 [88s]
size= 700 seed=2: nested=0.403 [71s]
size=1092 seed=0: nested=0.469 [105s]
size=1092 seed=1: nested=0.490 [89s]
size=1092 seed=2: nested=0.495 [132s]
size=1500 seed=0: nested=0.413 [135s]
size=1500 seed=1: nested=0.423 [201s]
size=1500 seed=2: nested=0.429 [162s]
size=2128 seed=0: nested=0.469 [188s]
capacity curve complete
