[secondary] distill bank: 30 recordings, 3600 windows, classes ['anomaly', 'normal']
Traceback (most recent call last):
  File "<local-path>/signalmap/research/factory/dcase_valve_readout.py", line 160, in <module>
    run_secondary()
  File "<local-path>/signalmap/research/factory/dcase_valve_readout.py", line 53, in run_secondary
    res = distill(bank, C=50, kmax=5, thr=0.005, n_perm=100, trees=100,
          ^^^^^^^^^^^^^^^^^^^^^^^^^^^^^^^^^^^^^^^^^^^^^^^^^^^^^^^^^^^^^
  File "<local-path>/signalmap/research/factory/../../signalmap/distill.py", line 562, in distill
    sel, forged_acc = _greedy_select(F, bank.y, bank.g, order, kmax, thr, cand, trees)
                      ^^^^^^^^^^^^^^^^^^^^^^^^^^^^^^^^^^^^^^^^^^^^^^^^^^^^^^^^^^^^^^^^
  File "<local-path>/signalmap/research/factory/../../signalmap/distill.py", line 448, in _greedy_select
    acc = _logo_mean(F[:, sel + [j]], y, g, trees)
          ^^^^^^^^^^^^^^^^^^^^^^^^^^^^^^^^^^^^^^^^
  File "<local-path>/signalmap/research/factory/../../signalmap/distill.py", line 409, in _logo_mean
    from sklearn.ensemble import RandomForestClassifier
  File "<local-path>/signalmap/.venv-research/lib/python3.11/site-packages/sklearn/__init__.py", line 70, in <module>
    from sklearn.base import clone  # noqa: E402
    ^^^^^^^^^^^^^^^^^^^^^^^^^^^^^^
  File "<local-path>/signalmap/.venv-research/lib/python3.11/site-packages/sklearn/base.py", line 20, in <module>
    from sklearn.utils._metadata_requests import _MetadataRequester, _routing_enabled
  File "<local-path>/signalmap/.venv-research/lib/python3.11/site-packages/sklearn/utils/__init__.py", line 9, in <module>
    from sklearn.utils._chunking import gen_batches, gen_even_slices
  File "<local-path>/signalmap/.venv-research/lib/python3.11/site-packages/sklearn/utils/_chunking.py", line 11, in <module>
    from sklearn.utils._param_validation import Interval, validate_params
  File "<local-path>/signalmap/.venv-research/lib/python3.11/site-packages/sklearn/utils/_param_validation.py", line 17, in <module>
    from sklearn.utils.validation import _is_arraylike_not_scalar
  File "<local-path>/signalmap/.venv-research/lib/python3.11/site-packages/sklearn/utils/validation.py", line 13, in <module>
    import joblib
  File "<local-path>/signalmap/.venv-research/lib/python3.11/site-packages/joblib/__init__.py", line 122, in <module>
    from .parallel import (
  File "<local-path>/signalmap/.venv-research/lib/python3.11/site-packages/joblib/parallel.py", line 583, in <module>
    DEFAULT_MP_CONTEXT = mp.get_context(method=method)
                         ^^^^^^^^^^^^^^^^^^^^^^^^^^^^^
  File "/opt/homebrew/Cellar/python@3.11/3.11.15/Frameworks/Python.framework/Versions/3.11/lib/python3.11/multiprocessing/context.py", line 243, in get_context
    return super().get_context(method)
           ^^^^^^^^^^^^^^^^^^^^^^^^^^^
  File "/opt/homebrew/Cellar/python@3.11/3.11.15/Frameworks/Python.framework/Versions/3.11/lib/python3.11/multiprocessing/context.py", line 193, in get_context
    raise ValueError('cannot find context for %r' % method) from None
ValueError: cannot find context for 'threading'
