== cwru: 24 recordings, 2849 windows, classes ['B007', 'B021', 'IR007', 'IR021', 'OR007', 'OR021']
# signalmap distill — gauntlet receipt

- verdict: PASS
- classes (6): B007, B021, IR007, IR021, OR007, OR021
- recordings: 24 · windows: 2849 · chance: 0.167

## capacity gate
- grammar total: 2128
- budget = min(2128, 50*24) = 1200 (50.0 programs/recording)

## accuracy receipts (LOGO over recordings)
- nested LOGO (honesty anchor): 0.874
- deploy selection (biased UB): 0.914
- lean baseline (permEnt+psdSlope): 0.872 (+0.042 vs lean)
- group-permutation p: 0.005
- NULL self-test (labels shuffled): 0.082 (want ~chance 0.167)
- cost: 0.113 ms/window (5 programs)

## premium families (cost-receipted champion rule)
- rqa: base 0.914 -> augmented 0.980 (paired +0.066, 95% CI [+0.033, +0.106]) — **INCLUDED**
  cost: 66.03 ms/window vs base 0.113 ms/window (~585x); O(n^2) recurrence matrix per window (~200x the base grammar)

## deploy spec (selected programs)
- acf1(abs(clip(x)))
- meanabs(diff(abs(x)))
- meanabs(sq(sq(x)))
- meanabs(abs(abs(x)))
- crest(tanh(diff(x)))

Deploy: `signalmap fit`/`monitor` load spec.json as the feature backend.
[cwru] PRIMARY verdict: INCLUDED (paired +0.066 CI [+0.033, +0.106]) | distill gates: PASS | 2317.4s
