NULL bank: 18 recs, 6 classes, chance=0.167 — nested forge must stay ~chance
  hold rec 0: acc=0.071  sel=['runmean(rank(rollstd(x)))', 'lcross(sign(diff2(x)))', 'std(sq(tanh(x)))']
  hold rec 1: acc=0.143  sel=['lcross(sign(diff2(x)))', 'zcr(abs(cumsum(x)))']
  hold rec 2: acc=0.071  sel=['lcross(sign(diff2(x)))', 'lcross(rollstd(clip(x)))', 'ordtrans(env(clip(x)))']
  hold rec 3: acc=0.357  sel=['lcross(sign(diff2(x)))', 'zcr(rollstd(id(x)))']
  hold rec 4: acc=0.000  sel=['runmean(rollstd(id(x)))', 'lcross(sign(diff2(x)))']
  hold rec 5: acc=0.143  sel=['lcross(sign(diff2(x)))', 'runmean(rollstd(id(x)))']
  hold rec 6: acc=0.286  sel=['runmean(clip(rollstd(x)))', 'lcross(sign(diff2(x)))', 'lcross(rollstd(clip(x)))']
  hold rec 7: acc=0.143  sel=['runmean(tanh(rollstd(x)))', 'lcross(sign(diff2(x)))', 'ordtrans(env(diff(x)))']
  hold rec 8: acc=0.000  sel=['runmean(clip(rollstd(x)))', 'lcross(sign(diff2(x)))', 'runmean(diff2(rollstd(x)))']
  hold rec 9: acc=0.071  sel=['lcross(sign(diff2(x)))', 'specflat(rollstd(rank(x)))']
  hold rec 10: acc=0.214  sel=['zcr(sq(rollstd(x)))', 'lcross(sign(diff2(x)))', 'zcr(diff2(rollstd(x)))', 'runmean(diff2(rollstd(x)))']
  hold rec 11: acc=0.143  sel=['zcr(abs(rollstd(x)))', 'lcross(sign(diff2(x)))', 'runmean(rank(rollstd(x)))']
  hold rec 12: acc=0.071  sel=['runmean(rank(rollstd(x)))', 'lcross(sign(diff2(x)))']
  hold rec 13: acc=0.071  sel=['lcross(sign(diff2(x)))', 'runmean(abs(rollstd(x)))', 'zcr(tanh(rollstd(x)))']
  hold rec 14: acc=0.071  sel=['lcross(sign(diff2(x)))', 'runmean(abs(rollstd(x)))', 'zcr(diff2(rollstd(x)))', 'ordtrans(diff(rollstd(x)))', 'acflag(diff2(env(x)))']
  hold rec 15: acc=0.143  sel=['lcross(sign(diff2(x)))', 'specflat(rollstd(rank(x)))']
  hold rec 16: acc=0.071  sel=['zcr(sq(rollstd(x)))', 'runmean(cumsum(env(x)))']
  hold rec 17: acc=0.143  sel=['runmean(rank(rollstd(x)))', 'lcross(sign(diff2(x)))', 'lcross(rollstd(clip(x)))', 'runmean(env(rollstd(x)))']

NULL-noise: NESTED forged = 0.123 (biased was reported earlier)  vs LEAN 0.087   [708s]
