16 shallow / 16 deep events
  ANMO shallow M8.2: majority=shallow
  ANMO shallow M8.1: majority=shallow
  ANMO shallow M8.1: majority=shallow
  ANMO shallow M7.8: majority=shallow
  ANMO shallow M7.7: majority=shallow
  ANMO shallow M7.7: majority=shallow
  ANMO shallow M7.6: majority=shallow
  ANMO shallow M7.6: majority=shallow
  ANMO shallow M7.5: majority=shallow
  ANMO shallow M7.5: majority=shallow
  ANMO shallow M7.4: majority=shallow
  ANMO shallow M7.3: majority=shallow
  ANMO shallow M7.3: majority=shallow
  ANMO shallow M7.3: majority=shallow
  ANMO shallow M7.3: majority=shallow
  ANMO shallow M7.3: majority=shallow
  ANMO deep M7.3: majority=deep
  ANMO deep M7.1: majority=deep
  ANMO deep M7: majority=deep
  ANMO deep M7: majority=deep
  ANMO deep M7: majority=deep
  ANMO deep M6.9: majority=shallow
  ANMO deep M6.8: majority=deep
  ANMO deep M6.8: majority=deep
  ANMO deep M6.8: majority=deep
  ANMO deep M6.7: majority=deep
  ANMO deep M6.6: majority=shallow
  ANMO deep M6.6: majority=deep
  ANMO deep M6.6: majority=deep
  ANMO deep M6.5: majority=deep
  ANMO deep M6.5: majority=deep
  ANMO deep M6.5: majority=deep
ANMO: n=32 acc=0.938 CI[0.844,1.000] shallow 1.000 deep 0.875 -> PASS
  KONO shallow M8.2: majority=shallow
  KONO shallow M8.1: majority=shallow
  KONO shallow M8.1: majority=deep
  KONO shallow M7.8: majority=shallow
  KONO shallow M7.7: majority=shallow
  KONO shallow M7.7: majority=shallow
  KONO shallow M7.6: majority=deep
  KONO shallow M7.6: majority=shallow
  KONO shallow M7.5: majority=shallow
  KONO shallow M7.5: majority=shallow
  KONO shallow M7.4: majority=deep
  KONO shallow M7.3: majority=shallow
  KONO shallow M7.3: majority=shallow
  KONO shallow M7.3: majority=shallow
  KONO shallow M7.3: majority=shallow
  KONO shallow M7.3: majority=deep
  KONO deep M7.3: majority=deep
  KONO deep M7.1: majority=deep
  KONO deep M7: majority=deep
  KONO deep M7: majority=shallow
  KONO deep M7: majority=deep
  KONO deep M6.9: majority=deep
  KONO deep M6.8: majority=deep
  KONO deep M6.8: majority=deep
  KONO deep M6.8: majority=deep
  KONO deep M6.7: majority=deep
  KONO deep M6.6: majority=deep
  KONO deep M6.6: majority=deep
  KONO deep M6.6: majority=deep
  KONO deep M6.5: majority=deep
  KONO deep M6.5: majority=deep
  KONO deep M6.5: majority=deep
KONO: n=32 acc=0.844 CI[0.719,0.969] shallow 0.750 deep 0.938 -> PASS
ledger tip = 0e36a2ab4b165a34252f89c771f99bd344f4486d2bb9031041301254751eb263
