=== ECN nested ===
  hold rec 0: acc=0.857  sel=['specratio(sign(diff(x)))', 'specratio(tanh(id(x)))', 'specratio(diff(diff(x)))', 'specratio(diff2(id(x)))', 'hent(tanh(diff(x)))']
  hold rec 1: acc=0.786  sel=['specratio(sign(diff(x)))', 'specratio(tanh(tanh(x)))', 'hent(tanh(diff(x)))', 'specratio(diff(diff(x)))', 'zcr(diff(tanh(x)))']
  hold rec 2: acc=0.929  sel=['specratio(sign(diff(x)))', 'specratio(diff2(id(x)))', 'specratio(tanh(id(x)))', 'specratio(tanh(tanh(x)))', 'hent(tanh(diff(x)))']
  hold rec 3: acc=0.857  sel=['specratio(sign(diff(x)))', 'hent(tanh(diff(x)))', 'hent(sq(diff2(x)))', 'specratio(diff(diff(x)))', 'specratio(diff2(id(x)))']
  hold rec 4: acc=1.000  sel=['specratio(sign(diff(x)))', 'specratio(tanh(id(x)))', 'zcr(rollstd(sign(x)))', 'hent(tanh(diff(x)))', 'specratio(diff2(id(x)))']
  hold rec 5: acc=1.000  sel=['specratio(sign(diff(x)))', 'hent(tanh(diff(x)))', 'speccent(diff2(rollstd(x)))', 'specratio(sign(tanh(x)))', 'specratio(diff2(id(x)))']
  hold rec 6: acc=0.000  sel=['specratio(sign(diff(x)))', 'specratio(tanh(tanh(x)))', 'hent(tanh(diff(x)))', 'specratio(sign(tanh(x)))', 'specratio(diff(diff(x)))']
  hold rec 9: acc=1.000  sel=['specratio(sign(diff(x)))', 'specratio(tanh(tanh(x)))', 'specratio(diff2(id(x)))', 'specratio(diff(diff(x)))', 'hent(tanh(diff(x)))']
  hold rec 10: acc=1.000  sel=['specratio(sign(diff(x)))', 'specratio(tanh(tanh(x)))', 'specratio(tanh(id(x)))', 'hent(tanh(diff(x)))', 'specratio(diff2(id(x)))']
  hold rec 11: acc=0.929  sel=['specratio(sign(diff(x)))', 'specratio(tanh(tanh(x)))', 'specratio(tanh(id(x)))', 'acf1(diff2(env(x)))', 'hent(tanh(diff(x)))']
  hold rec 12: acc=0.500  sel=['specratio(sign(diff(x)))', 'specratio(tanh(tanh(x)))', 'hent(tanh(diff(x)))', 'specratio(diff2(rank(x)))', 'specratio(sign(id(x)))']
  hold rec 13: acc=0.214  sel=['specratio(sign(diff(x)))', 'specratio(diff2(sign(x)))', 'peakcv(diff2(rollstd(x)))', 'speccent(sign(diff(x)))', 'hent(tanh(diff(x)))']
  hold rec 14: acc=0.857  sel=['specratio(sign(diff(x)))', 'specratio(sign(tanh(x)))', 'specratio(diff2(tanh(x)))', 'specratio(diff2(rank(x)))', 'hent(tanh(diff(x)))']
  hold rec 15: acc=0.000  sel=['specratio(diff(diff(x)))', 'zcr(diff2(env(x)))', 'acf1(diff2(env(x)))', 'specratio(diff2(tanh(x)))', 'speccent(diff2(env(x)))']

ECN: NESTED forged = 0.709 (biased was reported earlier)  vs LEAN 0.592   [252s]

=== CWRU nested ===
  hold rec 0: acc=0.689  sel=['acf1(sq(tanh(x)))', 'meanabs(diff(abs(x)))', 'meanabs(sq(sq(x)))', 'crest(tanh(diff(x)))', 'meanabs(id(id(x)))']
  hold rec 1: acc=0.678  sel=['meanabs(sq(sq(x)))', 'crest(diff2(abs(x)))', 'meanabs(diff(abs(x)))', 'acf1(sq(tanh(x)))', 'meanabs(abs(id(x)))']
  hold rec 2: acc=0.975  sel=['meanabs(sq(sq(x)))', 'crest(diff2(abs(x)))', 'meanabs(diff(abs(x)))', 'acf1(sq(tanh(x)))', 'crest(tanh(diff(x)))']
  hold rec 3: acc=0.746  sel=['meanabs(sq(sq(x)))', 'meanabs(diff(abs(x)))', 'crest(diff2(abs(x)))', 'acf1(sq(tanh(x)))', 'meanabs(abs(abs(x)))']
  hold rec 4: acc=0.874  sel=['acf1(sq(tanh(x)))', 'meanabs(id(id(x)))', 'meanabs(env(abs(x)))', 'hent(abs(diff2(x)))']
  hold rec 5: acc=0.534  sel=['crest(diff2(abs(x)))', 'meanabs(sq(sq(x)))', 'meanabs(id(id(x)))', 'meanabs(diff(abs(x)))', 'crest(tanh(diff(x)))']
  hold rec 6: acc=0.605  sel=['acf1(sq(tanh(x)))', 'meanabs(diff(abs(x)))', 'acf1(tanh(sq(x)))', 'crest(diff2(abs(x)))', 'meanabs(sq(sq(x)))']
  hold rec 7: acc=0.933  sel=['meanabs(diff2(abs(x)))', 'crest(diff2(abs(x)))', 'std(tanh(diff(x)))', 'meanabs(id(id(x)))', 'meanabs(rollstd(tanh(x)))']
  hold rec 8: acc=0.992  sel=['acf1(sq(tanh(x)))', 'meanabs(diff(abs(x)))', 'crest(diff2(abs(x)))', 'meanabs(sq(sq(x)))', 'meanabs(id(id(x)))']
  hold rec 9: acc=0.832  sel=['acf1(sq(tanh(x)))', 'acf1(tanh(sq(x)))', 'meanabs(diff(abs(x)))', 'meanabs(id(id(x)))', 'meanabs(env(tanh(x)))']
  hold rec 10: acc=0.941  sel=['acf1(sq(tanh(x)))', 'meanabs(diff(abs(x)))', 'meanabs(sq(sq(x)))', 'crest(tanh(diff(x)))', 'acf1(tanh(sq(x)))']
  hold rec 11: acc=1.000  sel=['crest(diff2(abs(x)))', 'acf1(sq(tanh(x)))', 'meanabs(diff(abs(x)))', 'meanabs(sq(sq(x)))', 'meanabs(abs(abs(x)))']
  hold rec 12: acc=0.933  sel=['meanabs(diff(abs(x)))', 'acf1(sq(tanh(x)))', 'meanabs(id(id(x)))', 'meanabs(sq(sq(x)))', 'crest(tanh(diff(x)))']
  hold rec 13: acc=0.975  sel=['acf1(sq(tanh(x)))', 'meanabs(sq(sq(x)))', 'crest(diff2(abs(x)))', 'crest(tanh(diff(x)))', 'meanabs(env(env(x)))']
  hold rec 14: acc=1.000  sel=['meanabs(diff(abs(x)))', 'acf1(sq(tanh(x)))', 'meanabs(id(id(x)))', 'meanabs(abs(env(x)))', 'meanabs(env(tanh(x)))']
  hold rec 15: acc=0.950  sel=['hent(env(diff(x)))', 'meanabs(sq(sq(x)))', 'crest(diff2(abs(x)))', 'acf1(sq(tanh(x)))', 'crest(tanh(diff(x)))']
  hold rec 16: acc=1.000  sel=['acf1(tanh(sq(x)))', 'acf1(tanh(abs(x)))', 'hent(sq(tanh(x)))', 'meanabs(tanh(tanh(x)))', 'crest(tanh(diff(x)))']
  hold rec 17: acc=0.992  sel=['meanabs(diff(abs(x)))', 'crest(tanh(diff(x)))', 'meanabs(diff2(abs(x)))', 'meanabs(id(id(x)))']
  hold rec 18: acc=1.000  sel=['crest(diff2(abs(x)))', 'meanabs(diff(abs(x)))', 'meanabs(sq(sq(x)))', 'acf1(sq(tanh(x)))', 'crest(tanh(diff(x)))']
  hold rec 19: acc=1.000  sel=['acf1(tanh(sq(x)))', 'meanabs(sq(sq(x)))', 'meanabs(diff(abs(x)))', 'crest(tanh(diff(x)))']
  hold rec 20: acc=1.000  sel=['meanabs(diff(abs(x)))', 'acf1(sq(tanh(x)))', 'crest(diff2(abs(x)))', 'meanabs(id(id(x)))', 'meanabs(env(abs(x)))']
  hold rec 21: acc=1.000  sel=['meanabs(sq(sq(x)))', 'std(sq(sq(x)))', 'crest(tanh(diff(x)))', 'crest(abs(diff(x)))', 'crest(abs(diff2(x)))']
  hold rec 22: acc=1.000  sel=['crest(diff2(abs(x)))', 'acf1(sq(tanh(x)))', 'meanabs(sq(sq(x)))', 'meanabs(id(id(x)))', 'meanabs(tanh(id(x)))']
  hold rec 23: acc=1.000  sel=['meanabs(diff(abs(x)))', 'crest(diff(id(x)))', 'crest(abs(diff(x)))', 'acf1(sq(tanh(x)))', 'crest(tanh(diff(x)))']

CWRU: NESTED forged = 0.902 (biased was reported earlier)  vs LEAN 0.872   [1190s]
