=== ECN nested ===
  hold rec 0: acc=0.214  sel=['specflat(cumsum(rank(x)))', 'specflat(cumsum(tanh(x)))', 'specratio(clip(tanh(x)))', 'specratio(clip(clip(x)))', 'specratio(diff(diff(x)))']
  hold rec 1: acc=0.214  sel=['specflat(cumsum(clip(x)))', 'specflat(cumsum(rank(x)))', 'specflat(cumsum(tanh(x)))', 'specratio(cumsum(rank(x)))', 'specratio(tanh(tanh(x)))']
  hold rec 2: acc=0.571  sel=['specflat(cumsum(clip(x)))', 'specflat(cumsum(rank(x)))', 'specflat(cumsum(tanh(x)))', 'specratio(cumsum(rank(x)))', 'specratio(diff(diff(x)))']
  hold rec 3: acc=0.714  sel=['specratio(sign(diff(x)))', 'specflat(cumsum(clip(x)))', 'hent(tanh(diff(x)))', 'specratio(cumsum(clip(x)))', 'runmean(diff2(env(x)))']
  hold rec 4: acc=0.929  sel=['specflat(cumsum(clip(x)))', 'acflag(cumsum(diff(x)))', 'specratio(cumsum(clip(x)))', 'specratio(sign(diff(x)))', 'specflat(cumsum(tanh(x)))']
  hold rec 5: acc=1.000  sel=['specratio(sign(diff(x)))', 'acflag(cumsum(diff(x)))', 'specflat(cumsum(clip(x)))', 'specflat(clip(cumsum(x)))', 'specratio(cumsum(diff(x)))']
  hold rec 6: acc=0.000  sel=['specflat(cumsum(clip(x)))', 'specratio(sign(diff(x)))', 'specratio(cumsum(clip(x)))', 'specratio(cumsum(rank(x)))', 'specratio(cumsum(sign(x)))']
  hold rec 9: acc=0.143  sel=['specflat(cumsum(clip(x)))', 'specratio(sign(diff(x)))', 'specflat(cumsum(rank(x)))', 'zcr(diff(tanh(x)))', 'specratio(tanh(tanh(x)))']
  hold rec 10: acc=0.857  sel=['specflat(cumsum(clip(x)))', 'specratio(sign(diff(x)))', 'specflat(cumsum(rank(x)))', 'specratio(cumsum(tanh(x)))', 'zcr(rollstd(cumsum(x)))']
  hold rec 11: acc=0.429  sel=['specflat(cumsum(clip(x)))', 'specratio(sign(diff(x)))', 'specflat(cumsum(tanh(x)))', 'specratio(cumsum(clip(x)))', 'specratio(cumsum(sign(x)))']
  hold rec 12: acc=0.500  sel=['specratio(sign(diff(x)))', 'specflat(cumsum(clip(x)))', 'specratio(cumsum(clip(x)))', 'specratio(cumsum(sign(x)))', 'specflat(cumsum(sign(x)))']
  hold rec 13: acc=0.143  sel=['specratio(sign(diff(x)))', 'acflag(cumsum(diff(x)))', 'specflat(cumsum(clip(x)))', 'specratio(diff2(sign(x)))', 'acflag(diff(env(x)))']
  hold rec 14: acc=0.857  sel=['specratio(sign(diff(x)))', 'specflat(cumsum(clip(x)))', 'specflat(cumsum(rank(x)))', 'specratio(diff2(tanh(x)))', 'specflat(cumsum(sign(x)))']
  hold rec 15: acc=0.000  sel=['specratio(diff2(id(x)))', 'ordtrans(diff(env(x)))', 'zcr(diff2(env(x)))', 'speccent(env(rank(x)))', 'acf1(diff2(env(x)))']

ECN: NESTED forged = 0.469 (biased was reported earlier)  vs LEAN 0.592   [213s]

=== CWRU nested ===
  hold rec 0: acc=0.697  sel=['acf1(abs(clip(x)))', 'acf1(sq(tanh(x)))', 'meanabs(diff(abs(x)))', 'meanabs(sq(sq(x)))', 'crest(tanh(diff(x)))']
  hold rec 1: acc=0.661  sel=['meanabs(sq(sq(x)))', 'crest(diff2(abs(x)))', 'meanabs(diff(abs(x)))', 'acf1(abs(clip(x)))', 'meanabs(id(id(x)))']
  hold rec 2: acc=0.975  sel=['meanabs(sq(sq(x)))', 'acf1(abs(clip(x)))', 'acf1(sq(tanh(x)))', 'crest(tanh(diff(x)))']
  hold rec 3: acc=0.797  sel=['acf1(abs(clip(x)))', 'meanabs(sq(sq(x)))', 'meanabs(id(id(x)))', 'crest(tanh(diff(x)))']
  hold rec 4: acc=0.815  sel=['acf1(abs(clip(x)))', 'acf1(sq(tanh(x)))', 'acf1(sq(clip(x)))', 'acf1(clip(abs(x)))', 'meanabs(id(id(x)))']
  hold rec 5: acc=0.534  sel=['crest(diff2(abs(x)))', 'meanabs(sq(sq(x)))', 'meanabs(id(id(x)))', 'meanabs(diff(abs(x)))', 'crest(tanh(diff(x)))']
  hold rec 6: acc=0.555  sel=['acf1(abs(clip(x)))', 'acf1(sq(tanh(x)))', 'meanabs(diff(abs(x)))', 'acf1(sq(clip(x)))', 'acf1(tanh(sq(x)))']
  hold rec 7: acc=0.933  sel=['meanabs(diff2(abs(x)))', 'crest(diff2(abs(x)))', 'std(tanh(diff(x)))', 'meanabs(id(id(x)))', 'meanabs(rollstd(tanh(x)))']
  hold rec 8: acc=0.492  sel=['crest(clip(diff(x)))', 'acf1(abs(clip(x)))', 'crest(sq(clip(x)))', 'acf1(sq(tanh(x)))', 'meanabs(diff(abs(x)))']
  hold rec 9: acc=0.832  sel=['acf1(abs(clip(x)))', 'acf1(sq(tanh(x)))', 'acf1(tanh(sq(x)))', 'meanabs(diff(abs(x)))', 'meanabs(abs(abs(x)))']
  hold rec 10: acc=0.975  sel=['acf1(abs(clip(x)))', 'crest(sq(clip(x)))', 'acf1(sq(tanh(x)))', 'meanabs(diff(abs(x)))', 'meanabs(sq(sq(x)))']
  hold rec 11: acc=1.000  sel=['acf1(abs(clip(x)))', 'crest(diff2(abs(x)))', 'acf1(sq(tanh(x)))', 'meanabs(diff(abs(x)))', 'meanabs(sq(sq(x)))']
  hold rec 12: acc=0.899  sel=['meanabs(diff(abs(x)))', 'crest(sq(clip(x)))', 'acf1(sq(clip(x)))', 'acf1(sq(tanh(x)))', 'meanabs(id(id(x)))']
  hold rec 13: acc=0.949  sel=['acf1(abs(clip(x)))', 'acf1(sq(tanh(x)))', 'meanabs(sq(sq(x)))', 'acf1(tanh(sq(x)))', 'crest(sq(clip(x)))']
  hold rec 14: acc=0.992  sel=['meanabs(diff(abs(x)))', 'crest(sq(clip(x)))', 'acf1(abs(clip(x)))', 'acf1(sq(clip(x)))', 'meanabs(abs(abs(x)))']
  hold rec 15: acc=0.950  sel=['hent(env(diff(x)))', 'meanabs(sq(sq(x)))', 'crest(diff2(abs(x)))', 'acf1(abs(clip(x)))', 'meanabs(abs(abs(x)))']
  hold rec 16: acc=0.832  sel=['acf1(tanh(sq(x)))', 'crest(clip(id(x)))', 'crest(clip(clip(x)))', 'hent(sq(clip(x)))', 'crest(tanh(clip(x)))']
  hold rec 17: acc=0.983  sel=['meanabs(diff(abs(x)))', 'crest(tanh(diff(x)))', 'acf1(abs(clip(x)))', 'meanabs(diff2(abs(x)))', 'meanabs(id(id(x)))']
  hold rec 18: acc=1.000  sel=['crest(diff2(abs(x)))', 'meanabs(diff(abs(x)))', 'meanabs(sq(sq(x)))', 'acf1(abs(clip(x)))', 'crest(tanh(diff(x)))']
  hold rec 19: acc=1.000  sel=['acf1(tanh(sq(x)))', 'meanabs(sq(sq(x)))', 'acf1(abs(clip(x)))', 'crest(tanh(diff(x)))']
  hold rec 20: acc=1.000  sel=['lcross(diff2(diff2(x)))', 'acf1(abs(clip(x)))', 'meanabs(diff(abs(x)))', 'crest(diff2(abs(x)))', 'meanabs(id(id(x)))']
  hold rec 21: acc=1.000  sel=['meanabs(sq(sq(x)))', 'std(sq(sq(x)))', 'crest(diff2(cumsum(x)))', 'crest(tanh(diff(x)))', 'crest(diff(diff(x)))']
  hold rec 22: acc=1.000  sel=['crest(diff2(abs(x)))', 'acf1(abs(clip(x)))', 'acf1(sq(tanh(x)))', 'meanabs(sq(sq(x)))', 'crest(sq(clip(x)))']
