[PASS] VALVE-id-fullcov group-integrity: 0 mixed-label recordings (must be 0)
[PASS] VALVE-id-fullcov label-shuffle: real 0.325 -> shuffled 0.192 (chance 0.250)

===== VALVE-id-fullcov: 120 windows, 24 recordings, 4 classes, chance=0.250 =====
LEAN: 0.325  CI [0.217,0.442]  [8s]
LEAN group-perm-p = 0.033 (60 perms)
gate: 1150/1150 programs (C=50 x 24 recs); features [12s]
  hold rec 0: acc=0.000  sel=['crest(diff(tanh(x)))', 'crest(tanh(diff2(x)))', 'runmean(cumsum(diff(x)))']
  hold rec 1: acc=0.600  sel=['crest(diff(tanh(x)))']
  hold rec 2: acc=0.200  sel=['hent(cumsum(abs(x)))', 'crest(diff(tanh(x)))', 'runcv(rollstd(abs(x)))', 'runcv(env(env(x)))', 'iqr90(rollstd(rollstd(x)))']
  hold rec 3: acc=0.400  sel=['runcv(rollstd(abs(x)))', 'hent(diff2(tanh(x)))', 'specratio(diff2(clip(x)))']
  hold rec 4: acc=0.200  sel=['hent(cumsum(abs(x)))', 'hent(cumsum(env(x)))', 'crest(diff(tanh(x)))', 'iqr90(rollstd(rollstd(x)))', 'acf1(cumsum(sq(x)))']
  hold rec 5: acc=0.200  sel=['crest(diff(tanh(x)))']
  hold rec 6: acc=0.000  sel=['peakcv(diff2(id(x)))', 'iqr90(rollstd(rollstd(x)))', 'specratio(diff2(sign(x)))', 'hent(cumsum(abs(x)))', 'ordtrans(rollstd(diff(x)))']
  hold rec 7: acc=0.800  sel=['hent(cumsum(abs(x)))', 'crest(diff(tanh(x)))', 'acf1(cumsum(abs(x)))', 'iqr90(rollstd(rollstd(x)))', 'ordtrans(diff(rollstd(x)))']
  hold rec 8: acc=0.200  sel=['runcv(rollstd(abs(x)))', 'crest(diff(tanh(x)))', 'iqr90(rollstd(rollstd(x)))', 'hent(diff2(tanh(x)))', 'runcv(env(sq(x)))']
  hold rec 9: acc=0.200  sel=['hent(cumsum(abs(x)))', 'hent(cumsum(id(x)))', 'specratio(sign(diff2(x)))', 'specflat(cumsum(abs(x)))', 'specratio(cumsum(abs(x)))']
  hold rec 10: acc=0.000  sel=['ordtrans(cumsum(sq(x)))', 'crest(tanh(diff2(x)))', 'hent(tanh(diff(x)))', 'iqr90(tanh(diff(x)))']
  hold rec 11: acc=0.000  sel=['std(rollstd(tanh(x)))', 'crest(diff(tanh(x)))', 'acf1(cumsum(sq(x)))', 'iqr90(rollstd(rollstd(x)))', 'specratio(sign(diff2(x)))']
  hold rec 12: acc=0.000  sel=['runcv(rollstd(abs(x)))', 'hent(diff2(tanh(x)))', 'acflag(diff2(diff2(x)))', 'hent(cumsum(env(x)))', 'zcr(env(rollstd(x)))']
  hold rec 13: acc=0.200  sel=['runcv(env(env(x)))', 'runmean(cumsum(sq(x)))', 'peakcv(clip(id(x)))', 'lcross(diff2(diff(x)))']
  hold rec 14: acc=0.000  sel=['lcross(diff2(clip(x)))', 'iqr90(rollstd(rollstd(x)))', 'lcross(rollstd(id(x)))', 'hent(cumsum(abs(x)))', 'hent(cumsum(sq(x)))']
  hold rec 15: acc=0.000  sel=['runmean(cumsum(sq(x)))', 'crest(diff(tanh(x)))', 'acflag(diff(clip(x)))', 'lcross(diff2(diff(x)))', 'hent(cumsum(abs(x)))']
  hold rec 16: acc=0.000  sel=['runcv(cumsum(sign(x)))', 'runcv(rollstd(abs(x)))', 'lcross(diff(tanh(x)))', 'crest(diff(tanh(x)))', 'iqr90(rollstd(rollstd(x)))']
  hold rec 17: acc=0.200  sel=['runcv(rollstd(abs(x)))', 'specratio(sign(diff2(x)))', 'lcross(diff2(diff(x)))', 'speccent(diff2(diff2(x)))']
  hold rec 18: acc=0.000  sel=['crest(diff(tanh(x)))']
  hold rec 19: acc=0.000  sel=['runcv(rollstd(abs(x)))', 'speccent(env(clip(x)))', 'peakcv(rollstd(rollstd(x)))', 'hent(diff(tanh(x)))', 'zcr(cumsum(sq(x)))']
  hold rec 20: acc=0.200  sel=['iqr90(rollstd(rollstd(x)))', 'hent(cumsum(sq(x)))', 'lcross(rollstd(id(x)))', 'hent(diff2(tanh(x)))', 'speccent(clip(env(x)))']
  hold rec 21: acc=0.200  sel=['specratio(sign(diff2(x)))', 'speccent(abs(diff2(x)))', 'crest(diff(rank(x)))', 'runmean(cumsum(sq(x)))', 'ordtrans(sign(diff(x)))']
  hold rec 22: acc=0.200  sel=['runcv(rollstd(abs(x)))', 'crest(diff(tanh(x)))', 'iqr90(rollstd(rollstd(x)))', 'hent(cumsum(abs(x)))', 'specratio(tanh(rollstd(x)))']
  hold rec 23: acc=0.200  sel=['runcv(rollstd(abs(x)))', 'crest(diff(tanh(x)))', 'hent(cumsum(sq(x)))', 'acf1(cumsum(env(x)))', 'lcross(rollstd(id(x)))']
FORGE nested: 0.167  CI [0.092,0.250]
PAIRED forge-lean: -0.158  CI [-0.258,-0.058]  forge>lean 3/24
{'lean': 0.325, 'forge': 0.16666666666666666, 'perm_p': 0.03278688524590164, 'chance': 0.25}
[PASS] VALVE-anomaly-fullcov group-integrity: 0 mixed-label recordings (must be 0)
[PASS] VALVE-anomaly-fullcov label-shuffle: real 0.238 -> shuffled 0.350 (chance 0.500)

===== VALVE-anomaly-fullcov: 80 windows, 16 recordings, 2 classes, chance=0.500 =====
LEAN: 0.238  CI [0.125,0.375]  [2s]
LEAN group-perm-p = 0.984 (60 perms)
gate: 800/1150 programs (C=50 x 16 recs); features [5s]
  hold rec 0: acc=0.600  sel=['std(tanh(abs(x)))', 'hent(sq(sq(x)))', 'iqr90(tanh(sq(x)))', 'std(clip(abs(x)))', 'iqr90(sq(tanh(x)))']
  hold rec 1: acc=0.400  sel=['std(tanh(abs(x)))', 'hent(sq(sq(x)))', 'hent(tanh(id(x)))', 'iqr90(rollstd(rollstd(x)))', 'iqr90(sq(id(x)))']
  hold rec 2: acc=0.400  sel=['std(tanh(abs(x)))', 'hent(sq(sq(x)))', 'hent(tanh(id(x)))']
  hold rec 3: acc=0.200  sel=['hent(sq(sq(x)))', 'iqr90(tanh(sq(x)))', 'acflag(diff(rank(x)))']
  hold rec 4: acc=0.400  sel=['std(tanh(abs(x)))', 'crest(clip(cumsum(x)))', 'speccent(rollstd(sq(x)))', 'runcv(cumsum(rollstd(x)))', 'std(tanh(sq(x)))']
  hold rec 5: acc=0.400  sel=['std(tanh(abs(x)))', 'hent(sq(sq(x)))']
  hold rec 6: acc=0.600  sel=['std(tanh(abs(x)))', 'hent(sq(sq(x)))', 'crest(clip(cumsum(x)))', 'runmean(cumsum(cumsum(x)))']
  hold rec 7: acc=0.400  sel=['std(tanh(abs(x)))', 'hent(sq(sq(x)))', 'crest(clip(cumsum(x)))', 'iqr90(sq(tanh(x)))']
  hold rec 8: acc=0.600  sel=['std(tanh(abs(x)))', 'hent(sq(sq(x)))', 'peakcv(rollstd(abs(x)))', 'iqr90(tanh(sq(x)))', 'std(sq(tanh(x)))']
  hold rec 9: acc=0.400  sel=['std(tanh(abs(x)))', 'hent(sq(sq(x)))', 'iqr90(sq(tanh(x)))']
  hold rec 10: acc=0.200  sel=['hent(cumsum(abs(x)))', 'std(tanh(abs(x)))', 'hent(sq(sq(x)))', 'iqr90(sq(tanh(x)))']
  hold rec 11: acc=0.400  sel=['std(tanh(abs(x)))', 'hent(sq(sq(x)))', 'runmean(cumsum(rank(x)))']
  hold rec 12: acc=0.000  sel=['std(tanh(abs(x)))', 'hent(sq(sq(x)))', 'iqr90(rollstd(rollstd(x)))', 'ordtrans(rollstd(rollstd(x)))']
  hold rec 13: acc=0.600  sel=['std(tanh(abs(x)))', 'hent(tanh(id(x)))', 'runcv(cumsum(cumsum(x)))', 'iqr90(sq(id(x)))']
  hold rec 14: acc=0.800  sel=['std(tanh(abs(x)))', 'hent(sq(sq(x)))', 'std(clip(abs(x)))', 'std(sq(tanh(x)))', 'zcr(cumsum(sq(x)))']
  hold rec 15: acc=0.000  sel=['std(tanh(abs(x)))', 'runcv(cumsum(cumsum(x)))', 'iqr90(tanh(sq(x)))', 'crest(clip(cumsum(x)))', 'crest(tanh(cumsum(x)))']
FORGE nested: 0.400  CI [0.288,0.500]
PAIRED forge-lean: +0.163  CI [-0.000,+0.325]  forge>lean 9/16
{'lean': 0.23750000000000002, 'forge': 0.4, 'perm_p': 0.9836065573770492, 'chance': 0.5}
