guard pool: 897 programs

===== VALVE-id-fullcov-GUARD: 120 windows, 24 recordings, 4 classes, chance=0.250 =====
LEAN: 0.325  CI [0.217,0.442]  [4s]
LEAN group-perm-p = 0.033 (60 perms)
gate: 897/897 programs (C=50 x 24 recs); features [8s]
  hold rec 0: acc=0.000  sel=['crest(diff(tanh(x)))', 'crest(tanh(diff2(x)))']
  hold rec 1: acc=0.600  sel=['crest(diff(tanh(x)))', 'acflag(diff(rollstd(x)))', 'peakcv(rollstd(rollstd(x)))']
  hold rec 2: acc=0.600  sel=['crest(diff(tanh(x)))', 'acflag(diff(rollstd(x)))']
  hold rec 3: acc=0.400  sel=['runcv(rollstd(abs(x)))', 'hent(diff2(tanh(x)))', 'specratio(diff2(clip(x)))']
  hold rec 4: acc=0.400  sel=['crest(diff2(tanh(x)))', 'runcv(rollstd(abs(x)))', 'lcross(rollstd(id(x)))', 'speccent(env(env(x)))', 'lcross(diff2(clip(x)))']
  hold rec 5: acc=0.200  sel=['crest(diff(tanh(x)))', 'speccent(clip(rollstd(x)))']
  hold rec 6: acc=0.000  sel=['peakcv(diff2(id(x)))', 'iqr90(rollstd(rollstd(x)))', 'specratio(diff2(sign(x)))', 'crest(diff(tanh(x)))', 'peakcv(clip(id(x)))']
  hold rec 7: acc=0.400  sel=['runcv(rollstd(abs(x)))', 'hent(diff2(tanh(x)))', 'ordtrans(diff(rollstd(x)))', 'hent(diff2(rank(x)))', 'ordtrans(id(id(x)))']
  hold rec 8: acc=0.200  sel=['runcv(rollstd(abs(x)))', 'crest(diff(tanh(x)))', 'iqr90(rollstd(rollstd(x)))', 'hent(diff2(tanh(x)))', 'runcv(env(sq(x)))']
  hold rec 9: acc=0.600  sel=['runcv(rollstd(abs(x)))', 'speccent(clip(env(x)))', 'iqr90(rollstd(rollstd(x)))', 'speccent(env(clip(x)))', 'lcross(diff2(clip(x)))']
  hold rec 10: acc=0.000  sel=['crest(tanh(diff2(x)))', 'crest(diff(tanh(x)))', 'meanabs(tanh(diff2(x)))', 'specflat(rank(abs(x)))']
  hold rec 11: acc=0.000  sel=['std(rollstd(tanh(x)))', 'crest(diff(tanh(x)))', 'iqr90(rollstd(rollstd(x)))', 'specratio(sign(diff2(x)))', 'runcv(rollstd(abs(x)))']
  hold rec 12: acc=0.000  sel=['runcv(rollstd(abs(x)))', 'hent(diff2(tanh(x)))', 'acflag(diff2(diff2(x)))', 'zcr(env(rollstd(x)))', 'acflag(diff(clip(x)))']
  hold rec 13: acc=0.000  sel=['runcv(env(env(x)))', 'peakcv(clip(id(x)))', 'lcross(diff2(diff(x)))', 'runcv(env(clip(x)))']
  hold rec 14: acc=0.000  sel=['lcross(diff2(clip(x)))', 'iqr90(rollstd(rollstd(x)))', 'lcross(rollstd(id(x)))', 'lcross(abs(diff(x)))', 'peakcv(sign(id(x)))']
  hold rec 15: acc=0.400  sel=['runcv(rollstd(abs(x)))', 'hent(diff2(tanh(x)))', 'iqr90(rollstd(rollstd(x)))', 'acflag(diff(clip(x)))', 'lcross(diff2(diff(x)))']
  hold rec 16: acc=0.000  sel=['runcv(rollstd(abs(x)))', 'lcross(diff(tanh(x)))', 'crest(diff(tanh(x)))', 'iqr90(rollstd(rollstd(x)))', 'specflat(diff2(rollstd(x)))']
  hold rec 17: acc=0.200  sel=['runcv(rollstd(abs(x)))', 'specratio(sign(diff2(x)))', 'lcross(diff2(diff(x)))', 'speccent(diff2(diff2(x)))']
  hold rec 18: acc=0.000  sel=['crest(diff(tanh(x)))']
  hold rec 19: acc=0.000  sel=['runcv(rollstd(abs(x)))', 'speccent(env(clip(x)))', 'peakcv(rollstd(rollstd(x)))', 'hent(diff(tanh(x)))']
  hold rec 20: acc=0.200  sel=['iqr90(rollstd(rollstd(x)))', 'lcross(rollstd(id(x)))', 'hent(diff2(tanh(x)))', 'speccent(clip(env(x)))', 'std(rollstd(clip(x)))']
  hold rec 21: acc=0.000  sel=['specratio(sign(diff2(x)))', 'speccent(abs(diff2(x)))', 'crest(diff(rank(x)))', 'ordtrans(sign(diff(x)))', 'peakcv(clip(abs(x)))']
  hold rec 22: acc=0.400  sel=['runcv(rollstd(abs(x)))', 'crest(diff(tanh(x)))', 'iqr90(rollstd(rollstd(x)))', 'runcv(env(env(x)))', 'hent(diff2(tanh(x)))']
  hold rec 23: acc=0.200  sel=['runcv(rollstd(abs(x)))', 'crest(diff(tanh(x)))', 'hent(diff2(tanh(x)))', 'specratio(sign(diff2(x)))', 'crest(diff(rank(x)))']
FORGE nested: 0.200  CI [0.117,0.292]
PAIRED forge-lean: -0.125  CI [-0.225,-0.025]  forge>lean 3/24
{'lean': 0.325, 'forge': 0.19999999999999998, 'perm_p': 0.03278688524590164, 'chance': 0.25}
